// Jest Snapshot v1, https://goo.gl/fbAQLP

exports[`Emissions Forecast API should calculate projected emissions correctly 1`] = `
{
  "data": {
    "cluster": {
      "description": {
        "en": "Emerging urban centers of industry (Non IPPU industry sectors)",
      },
      "id": 5,
    },
    "forecast": {
      "2023": {
        "I": "40399",
        "II": "22388",
        "V.1": "10581",
        "V.2": "10582",
      },
      "2024": {
        "I": "42015",
        "II": "23507",
        "V.1": "10687",
        "V.2": "10794",
      },
      "2025": {
        "I": "43696",
        "II": "24682",
        "V.1": "10794",
        "V.2": "11010",
      },
      "2026": {
        "I": "45881",
        "II": "26903",
        "V.1": "10902",
        "V.2": "11230",
      },
      "2027": {
        "I": "48634",
        "II": "27710",
        "V.1": "11011",
        "V.2": "11455",
      },
      "2028": {
        "I": "51066",
        "II": "30204",
        "V.1": "11121",
        "V.2": "11684",
      },
      "2029": {
        "I": "52087",
        "II": "33224",
        "V.1": "11232",
        "V.2": "11918",
      },
      "2030": {
        "I": "55212",
        "II": "35217",
        "V.1": "11344",
        "V.2": "12156",
      },
      "2031": {
        "I": "57420",
        "II": "37682",
        "V.1": "11457",
        "V.2": "12399",
      },
      "2032": {
        "I": "60865",
        "II": "38436",
        "V.1": "11572",
        "V.2": "12647",
      },
      "2033": {
        "I": "66343",
        "II": "41511",
        "V.1": "11688",
        "V.2": "12900",
      },
      "2034": {
        "I": "67006",
        "II": "44417",
        "V.1": "11805",
        "V.2": "13158",
      },
      "2035": {
        "I": "71696",
        "II": "47082",
        "V.1": "11923",
        "V.2": "13421",
      },
      "2036": {
        "I": "73847",
        "II": "49436",
        "V.1": "12042",
        "V.2": "13689",
      },
      "2037": {
        "I": "77539",
        "II": "50919",
        "V.1": "12162",
        "V.2": "13963",
      },
      "2038": {
        "I": "85293",
        "II": "53465",
        "V.1": "12284",
        "V.2": "14242",
      },
      "2039": {
        "I": "86999",
        "II": "54000",
        "V.1": "12407",
        "V.2": "14527",
      },
      "2040": {
        "I": "92219",
        "II": "58320",
        "V.1": "12531",
        "V.2": "14818",
      },
      "2041": {
        "I": "94063",
        "II": "60070",
        "V.1": "12656",
        "V.2": "15114",
      },
      "2042": {
        "I": "100647",
        "II": "64275",
        "V.1": "12783",
        "V.2": "15416",
      },
      "2043": {
        "I": "107692",
        "II": "64918",
        "V.1": "12911",
        "V.2": "15724",
      },
      "2044": {
        "I": "112000",
        "II": "70761",
        "V.1": "13040",
        "V.2": "16038",
      },
      "2045": {
        "I": "119840",
        "II": "77837",
        "V.1": "13170",
        "V.2": "16359",
      },
      "2046": {
        "I": "128229",
        "II": "85621",
        "V.1": "13302",
        "V.2": "16686",
      },
      "2047": {
        "I": "139770",
        "II": "86477",
        "V.1": "13435",
        "V.2": "17020",
      },
      "2048": {
        "I": "146759",
        "II": "89936",
        "V.1": "13569",
        "V.2": "17360",
      },
      "2049": {
        "I": "149694",
        "II": "93533",
        "V.1": "13705",
        "V.2": "17707",
      },
      "2050": {
        "I": "155682",
        "II": "98210",
        "V.1": "13842",
        "V.2": "18061",
      },
    },
    "growthRates": {
      "2024": {
        "I": 0.04,
        "II": 0.05,
        "III": 0.01,
        "IV": 0.05,
        "V.1": 0.01,
        "V.2": 0.02,
        "V.3": 0.03,
      },
      "2025": {
        "I": 0.04,
        "II": 0.05,
        "III": 0.01,
        "IV": 0.05,
        "V.1": 0.01,
        "V.2": 0.02,
        "V.3": 0.03,
      },
      "2026": {
        "I": 0.05,
        "II": 0.09,
        "III": 0.08,
        "IV": 0.06,
        "V.1": 0.01,
        "V.2": 0.02,
        "V.3": 0.03,
      },
      "2027": {
        "I": 0.06,
        "II": 0.03,
        "III": 0.03,
        "IV": 0.08,
        "V.1": 0.01,
        "V.2": 0.02,
        "V.3": 0.03,
      },
      "2028": {
        "I": 0.05,
        "II": 0.09,
        "III": 0.06,
        "IV": 0.02,
        "V.1": 0.01,
        "V.2": 0.02,
        "V.3": 0.03,
      },
      "2029": {
        "I": 0.02,
        "II": 0.1,
        "III": 0.01,
        "IV": 0.09,
        "V.1": 0.01,
        "V.2": 0.02,
        "V.3": 0.03,
      },
      "2030": {
        "I": 0.06,
        "II": 0.06,
        "III": 0.07,
        "IV": 0.04,
        "V.1": 0.01,
        "V.2": 0.02,
        "V.3": 0.03,
      },
      "2031": {
        "I": 0.04,
        "II": 0.07,
        "III": 0.01,
        "IV": 0.1,
        "V.1": 0.01,
        "V.2": 0.02,
        "V.3": 0.03,
      },
      "2032": {
        "I": 0.06,
        "II": 0.02,
        "III": 0.04,
        "IV": 0.04,
        "V.1": 0.01,
        "V.2": 0.02,
        "V.3": 0.03,
      },
      "2033": {
        "I": 0.09,
        "II": 0.08,
        "III": 0.09,
        "IV": 0.06,
        "V.1": 0.01,
        "V.2": 0.02,
        "V.3": 0.03,
      },
      "2034": {
        "I": 0.01,
        "II": 0.07,
        "III": 0.02,
        "IV": 0.06,
        "V.1": 0.01,
        "V.2": 0.02,
        "V.3": 0.03,
      },
      "2035": {
        "I": 0.07,
        "II": 0.06,
        "III": 0.02,
        "IV": 0.02,
        "V.1": 0.01,
        "V.2": 0.02,
        "V.3": 0.03,
      },
      "2036": {
        "I": 0.03,
        "II": 0.05,
        "III": 0.08,
        "IV": 0.06,
        "V.1": 0.01,
        "V.2": 0.02,
        "V.3": 0.03,
      },
      "2037": {
        "I": 0.05,
        "II": 0.03,
        "III": 0.06,
        "IV": 0.02,
        "V.1": 0.01,
        "V.2": 0.02,
        "V.3": 0.03,
      },
      "2038": {
        "I": 0.1,
        "II": 0.05,
        "III": 0.07,
        "IV": 0.06,
        "V.1": 0.01,
        "V.2": 0.02,
        "V.3": 0.03,
      },
      "2039": {
        "I": 0.02,
        "II": 0.01,
        "III": 0.02,
        "IV": 0.03,
        "V.1": 0.01,
        "V.2": 0.02,
        "V.3": 0.03,
      },
      "2040": {
        "I": 0.06,
        "II": 0.08,
        "III": 0.07,
        "IV": 0.04,
        "V.1": 0.01,
        "V.2": 0.02,
        "V.3": 0.03,
      },
      "2041": {
        "I": 0.02,
        "II": 0.03,
        "III": 0.07,
        "IV": 0.1,
        "V.1": 0.01,
        "V.2": 0.02,
        "V.3": 0.03,
      },
      "2042": {
        "I": 0.07,
        "II": 0.07,
        "III": 0.01,
        "IV": 0.1,
        "V.1": 0.01,
        "V.2": 0.02,
        "V.3": 0.03,
      },
      "2043": {
        "I": 0.07,
        "II": 0.01,
        "III": 0.07,
        "IV": 0.02,
        "V.1": 0.01,
        "V.2": 0.02,
        "V.3": 0.03,
      },
      "2044": {
        "I": 0.04,
        "II": 0.09,
        "III": 0.08,
        "IV": 0.04,
        "V.1": 0.01,
        "V.2": 0.02,
        "V.3": 0.03,
      },
      "2045": {
        "I": 0.07,
        "II": 0.1,
        "III": 0.03,
        "IV": 0.02,
        "V.1": 0.01,
        "V.2": 0.02,
        "V.3": 0.03,
      },
      "2046": {
        "I": 0.07,
        "II": 0.1,
        "III": 0.02,
        "IV": 0.06,
        "V.1": 0.01,
        "V.2": 0.02,
        "V.3": 0.03,
      },
      "2047": {
        "I": 0.09,
        "II": 0.01,
        "III": 0.04,
        "IV": 0.09,
        "V.1": 0.01,
        "V.2": 0.02,
        "V.3": 0.03,
      },
      "2048": {
        "I": 0.05,
        "II": 0.04,
        "III": 0.05,
        "IV": 0.03,
        "V.1": 0.01,
        "V.2": 0.02,
        "V.3": 0.03,
      },
      "2049": {
        "I": 0.02,
        "II": 0.04,
        "III": 0.02,
        "IV": 0.05,
        "V.1": 0.01,
        "V.2": 0.02,
        "V.3": 0.03,
      },
      "2050": {
        "I": 0.04,
        "II": 0.05,
        "III": 0.03,
        "IV": 0.08,
        "V.1": 0.01,
        "V.2": 0.02,
        "V.3": 0.03,
      },
    },
  },
}
`;
